
> ai-studio-applet@0.1.0 build
> next build

   Γû▓ Next.js 15.5.12

   Creating an optimized production build ...
 Γ£ô Compiled successfully in 4.1s
   Skipping linting
   Checking validity of types ...
   Collecting page data ...
   Generating static pages (0/9) ...
   Generating static pages (2/9) 
   Generating static pages (4/9) 
   Generating static pages (6/9) 
 Γ£ô Generating static pages (9/9)
   Finalizing page optimization ...
   Collecting build traces ...

Route (app)                                 Size  First Load JS
Γöî Γùï /                                    1.99 kB         152 kB
Γö£ Γùï /_not-found                            995 B         103 kB
Γö£ Γùï /about                                 161 B         107 kB
Γö£ Γùï /contact                               123 B         102 kB
Γö£ Γùï /experience                          2.79 kB         144 kB
Γö£ Γùï /projects                            6.06 kB         152 kB
Γöö Γùï /publications                        3.33 kB         144 kB
+ First Load JS shared by all             102 kB
  Γö£ chunks/255-a41b0d888672637a.js       45.8 kB
  Γö£ chunks/4bd1b696-21f374d1156f834a.js  54.2 kB
  Γöö other shared chunks (total)          1.94 kB


Γùï  (Static)  prerendered as static content

